GAS LISTING /tmp/ccULivSu.s 			page 1


   1               		.file	"coa.c"
   2               		.arch at90s8515
   3               	__SREG__ = 0x3f
   4               	__SP_H__ = 0x3e
   5               	__SP_L__ = 0x3d
   6               	__tmp_reg__ = 0
   7               	__zero_reg__ = 1
   8               		.global __do_copy_data
   9               		.global __do_clear_bss
  10               		.text
  11               	.global	coa_nova
  12               		.type	coa_nova, @function
  13               	coa_nova:
  14               	/* prologue: frame size=0 */
  15               	/* prologue end (size=0) */
  16 0000 F92F      		mov r31,r25
  17 0002 E82F      		mov r30,r24
  18 0004 108A      		std Z+16,__zero_reg__
  19 0006 118A      		std Z+17,__zero_reg__
  20               	/* epilogue: frame size=0 */
  21 0008 0895      		ret
  22               	/* epilogue end (size=1) */
  23               	/* function coa_nova size 5 (4) */
  24               		.size	coa_nova, .-coa_nova
  25               	.global	afageix_element
  26               		.type	afageix_element, @function
  27               	afageix_element:
  28               	/* prologue: frame size=0 */
  29               	/* prologue end (size=0) */
  30 000a B92F      		mov r27,r25
  31 000c A82F      		mov r26,r24
  32 000e F92F      		mov r31,r25
  33 0010 E82F      		mov r30,r24
  34 0012 2089      		ldd r18,Z+16
  35 0014 822F      		mov r24,r18
  36 0016 9927      		clr r25
  37 0018 87FD      		sbrc r24,7
  38 001a 9095      		com r25
  39 001c E80F      		add r30,r24
  40 001e F91F      		adc r31,r25
  41 0020 6083      		st Z,r22
  42 0022 2F5F      		subi r18,lo8(-(1))
  43 0024 FB2F      		mov r31,r27
  44 0026 EA2F      		mov r30,r26
  45 0028 208B      		std Z+16,r18
  46 002a 2031      		cpi r18,lo8(16)
  47 002c 09F4      		brne .L3
  48 002e 108A      		std Z+16,__zero_reg__
  49               	.L3:
  50 0030 FB2F      		mov r31,r27
  51 0032 EA2F      		mov r30,r26
  52 0034 9089      		ldd r25,Z+16
  53 0036 8189      		ldd r24,Z+17
  54 0038 9817      		cp r25,r24
  55 003a 39F4      		brne .L2
  56 003c 892F      		mov r24,r25
  57 003e 8150      		subi r24,lo8(-(-1))
GAS LISTING /tmp/ccULivSu.s 			page 2


  58 0040 808B      		std Z+16,r24
  59 0042 8F3F      		cpi r24,lo8(-1)
  60 0044 11F4      		brne .L2
  61 0046 8FE0      		ldi r24,lo8(15)
  62 0048 808B      		std Z+16,r24
  63               	.L2:
  64 004a 0895      		ret
  65               	/* epilogue: frame size=0 */
  66               	/* epilogue: noreturn */
  67               	/* epilogue end (size=0) */
  68               	/* function afageix_element size 33 (33) */
  69               		.size	afageix_element, .-afageix_element
  70               	.global	treu_element
  71               		.type	treu_element, @function
  72               	treu_element:
  73               	/* prologue: frame size=0 */
  74 004c CF93      		push r28
  75 004e DF93      		push r29
  76               	/* prologue end (size=2) */
  77 0050 B92F      		mov r27,r25
  78 0052 A82F      		mov r26,r24
  79 0054 D92F      		mov r29,r25
  80 0056 C82F      		mov r28,r24
  81 0058 9889      		ldd r25,Y+16
  82 005a 8989      		ldd r24,Y+17
  83 005c 9817      		cp r25,r24
  84 005e 19F4      		brne .L7
  85 0060 8FEF      		ldi r24,lo8(-1)
  86 0062 9FEF      		ldi r25,hi8(-1)
  87 0064 16C0      		rjmp .L6
  88               	.L7:
  89 0066 FB2F      		mov r31,r27
  90 0068 EA2F      		mov r30,r26
  91 006a 2189      		ldd r18,Z+17
  92 006c 822F      		mov r24,r18
  93 006e 9927      		clr r25
  94 0070 87FD      		sbrc r24,7
  95 0072 9095      		com r25
  96 0074 E80F      		add r30,r24
  97 0076 F91F      		adc r31,r25
  98 0078 E081      		ld r30,Z
  99 007a 822F      		mov r24,r18
 100 007c 8F5F      		subi r24,lo8(-(1))
 101 007e DB2F      		mov r29,r27
 102 0080 CA2F      		mov r28,r26
 103 0082 898B      		std Y+17,r24
 104 0084 8031      		cpi r24,lo8(16)
 105 0086 09F4      		brne .L8
 106 0088 198A      		std Y+17,__zero_reg__
 107               	.L8:
 108 008a 8E2F      		mov r24,r30
 109 008c 9927      		clr r25
 110 008e 87FD      		sbrc r24,7
 111 0090 9095      		com r25
 112               	.L6:
 113               	/* epilogue: frame size=0 */
 114 0092 DF91      		pop r29
GAS LISTING /tmp/ccULivSu.s 			page 3


 115 0094 CF91      		pop r28
 116 0096 0895      		ret
 117               	/* epilogue end (size=3) */
 118               	/* function treu_element size 38 (33) */
 119               		.size	treu_element, .-treu_element
 120               	.global	coa_buida
 121               		.type	coa_buida, @function
 122               	coa_buida:
 123               	/* prologue: frame size=0 */
 124               	/* prologue end (size=0) */
 125 0098 F92F      		mov r31,r25
 126 009a E82F      		mov r30,r24
 127 009c 20E0      		ldi r18,lo8(0)
 128 009e 30E0      		ldi r19,hi8(0)
 129 00a0 9089      		ldd r25,Z+16
 130 00a2 8189      		ldd r24,Z+17
 131 00a4 9817      		cp r25,r24
 132 00a6 11F4      		brne .L10
 133 00a8 21E0      		ldi r18,lo8(1)
 134 00aa 30E0      		ldi r19,hi8(1)
 135               	.L10:
 136 00ac 932F      		mov r25,r19
 137 00ae 822F      		mov r24,r18
 138               	/* epilogue: frame size=0 */
 139 00b0 0895      		ret
 140               	/* epilogue end (size=1) */
 141               	/* function coa_buida size 13 (12) */
 142               		.size	coa_buida, .-coa_buida
 143               	/* File "coa.c": code   89 = 0x0059 (  82), prologues   2, epilogues   5 */
GAS LISTING /tmp/ccULivSu.s 			page 4


DEFINED SYMBOLS
                            *ABS*:00000000 coa.c
                            *ABS*:0000003f __SREG__
                            *ABS*:0000003e __SP_H__
                            *ABS*:0000003d __SP_L__
                            *ABS*:00000000 __tmp_reg__
                            *ABS*:00000001 __zero_reg__
     /tmp/ccULivSu.s:13     .text:00000000 coa_nova
     /tmp/ccULivSu.s:27     .text:0000000a afageix_element
     /tmp/ccULivSu.s:72     .text:0000004c treu_element
     /tmp/ccULivSu.s:122    .text:00000098 coa_buida

UNDEFINED SYMBOLS
__do_copy_data
__do_clear_bss
