GAS LISTING /tmp/ccllva5o.s 			page 1


   1               		.file	"serie.c"
   2               		.arch at90s8515
   3               	__SREG__ = 0x3f
   4               	__SP_H__ = 0x3e
   5               	__SP_L__ = 0x3d
   6               	__tmp_reg__ = 0
   7               	__zero_reg__ = 1
   8               		.global __do_copy_data
   9               		.global __do_clear_bss
  10               		.text
  11               	.global	initUART
  12               		.type	initUART, @function
  13               	initUART:
  14               	/* prologue: frame size=0 */
  15               	/* prologue end (size=0) */
  16               	/* #APP */
  17 0000 F894      		cli
  18               	/* #NOAPP */
  19 0002 83E3      		ldi r24,lo8(51)
  20 0004 89B9      		out 41-0x20,r24
  21 0006 88E9      		ldi r24,lo8(-104)
  22 0008 8AB9      		out 42-0x20,r24
  23               	/* #APP */
  24 000a 7894      		sei
  25               	/* #NOAPP */
  26 000c 80E0      		ldi r24,lo8(coa_pserie)
  27 000e 90E0      		ldi r25,hi8(coa_pserie)
  28 0010 00D0      		rcall coa_nova
  29               	/* epilogue: frame size=0 */
  30 0012 0895      		ret
  31               	/* epilogue end (size=1) */
  32               	/* function initUART size 12 (11) */
  33               		.size	initUART, .-initUART
  34               	.global	putchar_serie
  35               		.type	putchar_serie, @function
  36               	putchar_serie:
  37               	/* prologue: frame size=0 */
  38               	/* prologue end (size=0) */
  39               	.L3:
  40 0014 5D9B      		sbis 43-0x20,5
  41 0016 FECF      		rjmp .L3
  42 0018 8CB9      		out 44-0x20,r24
  43               	/* epilogue: frame size=0 */
  44 001a 0895      		ret
  45               	/* epilogue end (size=1) */
  46               	/* function putchar_serie size 4 (3) */
  47               		.size	putchar_serie, .-putchar_serie
  48               	.global	getchar_serie
  49               		.type	getchar_serie, @function
  50               	getchar_serie:
  51               	/* prologue: frame size=0 */
  52               	/* prologue end (size=0) */
  53               	.L9:
  54 001c 80E0      		ldi r24,lo8(coa_pserie)
  55 001e 90E0      		ldi r25,hi8(coa_pserie)
  56 0020 00D0      		rcall treu_element
  57 0022 8F3F      		cpi r24,lo8(-1)
GAS LISTING /tmp/ccllva5o.s 			page 2


  58 0024 D9F3      		breq .L9
  59 0026 9927      		clr r25
  60               	/* epilogue: frame size=0 */
  61 0028 0895      		ret
  62               	/* epilogue end (size=1) */
  63               	/* function getchar_serie size 7 (6) */
  64               		.size	getchar_serie, .-getchar_serie
  65               	.global	llegeix_serie
  66               		.type	llegeix_serie, @function
  67               	llegeix_serie:
  68               	/* prologue: frame size=0 */
  69 002a EF92      		push r14
  70 002c FF92      		push r15
  71 002e 0F93      		push r16
  72 0030 1F93      		push r17
  73 0032 CF93      		push r28
  74               	/* prologue end (size=5) */
  75 0034 E82E      		mov r14,r24
  76 0036 F92E      		mov r15,r25
  77 0038 062F      		mov r16,r22
  78 003a 10E0      		ldi r17,lo8(0)
  79 003c 1617      		cp r17,r22
  80 003e D0F4      		brsh .L14
  81               	.L19:
  82 0040 EDDF      		rcall getchar_serie
  83 0042 C82F      		mov r28,r24
  84 0044 8F5F      		subi r24,lo8(-(1))
  85 0046 8230      		cpi r24,lo8(2)
  86 0048 98F0      		brlo .L13
  87 004a CD30      		cpi r28,lo8(13)
  88 004c 89F0      		breq .L13
  89 004e C830      		cpi r28,lo8(8)
  90 0050 29F4      		brne .L17
  91 0052 1123      		tst r17
  92 0054 19F0      		breq .L17
  93 0056 1150      		subi r17,lo8(-(-1))
  94 0058 8C2F      		mov r24,r28
  95 005a DCDF      		rcall putchar_serie
  96               	.L17:
  97 005c CA30      		cpi r28,lo8(10)
  98 005e 51F0      		breq .L14
  99 0060 FF2D      		mov r31,r15
 100 0062 EE2D      		mov r30,r14
 101 0064 E10F      		add r30,r17
 102 0066 F11D      		adc r31,__zero_reg__
 103 0068 C083      		st Z,r28
 104 006a 1F5F      		subi r17,lo8(-(1))
 105 006c 8C2F      		mov r24,r28
 106 006e D2DF      		rcall putchar_serie
 107               	.L13:
 108 0070 1017      		cp r17,r16
 109 0072 30F3      		brlo .L19
 110               	.L14:
 111 0074 FF2D      		mov r31,r15
 112 0076 EE2D      		mov r30,r14
 113 0078 E10F      		add r30,r17
 114 007a F11D      		adc r31,__zero_reg__
GAS LISTING /tmp/ccllva5o.s 			page 3


 115 007c 1082      		st Z,__zero_reg__
 116               	/* epilogue: frame size=0 */
 117 007e CF91      		pop r28
 118 0080 1F91      		pop r17
 119 0082 0F91      		pop r16
 120 0084 FF90      		pop r15
 121 0086 EF90      		pop r14
 122 0088 0895      		ret
 123               	/* epilogue end (size=6) */
 124               	/* function llegeix_serie size 48 (37) */
 125               		.size	llegeix_serie, .-llegeix_serie
 126               	.global	__vector_9
 127               		.type	__vector_9, @function
 128               	__vector_9:
 129               	/* prologue: frame size=0 */
 130 008a 1F92      		push __zero_reg__
 131 008c 0F92      		push __tmp_reg__
 132 008e 0FB6      		in __tmp_reg__,__SREG__
 133 0090 0F92      		push __tmp_reg__
 134 0092 1124      		clr __zero_reg__
 135 0094 2F93      		push r18
 136 0096 3F93      		push r19
 137 0098 4F93      		push r20
 138 009a 5F93      		push r21
 139 009c 6F93      		push r22
 140 009e 7F93      		push r23
 141 00a0 8F93      		push r24
 142 00a2 9F93      		push r25
 143 00a4 AF93      		push r26
 144 00a6 BF93      		push r27
 145 00a8 EF93      		push r30
 146 00aa FF93      		push r31
 147               	/* prologue end (size=17) */
 148 00ac 8CB1      		in r24,44-0x20
 149 00ae 9927      		clr r25
 150 00b0 682F      		mov r22,r24
 151 00b2 792F      		mov r23,r25
 152 00b4 80E0      		ldi r24,lo8(coa_pserie)
 153 00b6 90E0      		ldi r25,hi8(coa_pserie)
 154 00b8 00D0      		rcall afageix_element
 155               	/* epilogue: frame size=0 */
 156 00ba FF91      		pop r31
 157 00bc EF91      		pop r30
 158 00be BF91      		pop r27
 159 00c0 AF91      		pop r26
 160 00c2 9F91      		pop r25
 161 00c4 8F91      		pop r24
 162 00c6 7F91      		pop r23
 163 00c8 6F91      		pop r22
 164 00ca 5F91      		pop r21
 165 00cc 4F91      		pop r20
 166 00ce 3F91      		pop r19
 167 00d0 2F91      		pop r18
 168 00d2 0F90      		pop __tmp_reg__
 169 00d4 0FBE      		out __SREG__,__tmp_reg__
 170 00d6 0F90      		pop __tmp_reg__
 171 00d8 1F90      		pop __zero_reg__
GAS LISTING /tmp/ccllva5o.s 			page 4


 172 00da 1895      		reti
 173               	/* epilogue end (size=17) */
 174               	/* function __vector_9 size 41 (7) */
 175               		.size	__vector_9, .-__vector_9
 176               	.global	iscom
 177               		.type	iscom, @function
 178               	iscom:
 179               	/* prologue: frame size=0 */
 180 00dc CF93      		push r28
 181 00de DF93      		push r29
 182               	/* prologue end (size=2) */
 183 00e0 C0E0      		ldi r28,lo8(0)
 184 00e2 D0E0      		ldi r29,hi8(0)
 185 00e4 80E0      		ldi r24,lo8(coa_pserie)
 186 00e6 90E0      		ldi r25,hi8(coa_pserie)
 187 00e8 00D0      		rcall coa_buida
 188 00ea 8823      		tst r24
 189 00ec 11F4      		brne .L23
 190 00ee C1E0      		ldi r28,lo8(1)
 191 00f0 D0E0      		ldi r29,hi8(1)
 192               	.L23:
 193 00f2 8C2F      		mov r24,r28
 194 00f4 9D2F      		mov r25,r29
 195               	/* epilogue: frame size=0 */
 196 00f6 DF91      		pop r29
 197 00f8 CF91      		pop r28
 198 00fa 0895      		ret
 199               	/* epilogue end (size=3) */
 200               	/* function iscom size 16 (11) */
 201               		.size	iscom, .-iscom
 202               		.comm coa_pserie,18,1
 203               	/* File "serie.c": code  128 = 0x0080 (  75), prologues  24, epilogues  29 */
GAS LISTING /tmp/ccllva5o.s 			page 5


DEFINED SYMBOLS
                            *ABS*:00000000 serie.c
                            *ABS*:0000003f __SREG__
                            *ABS*:0000003e __SP_H__
                            *ABS*:0000003d __SP_L__
                            *ABS*:00000000 __tmp_reg__
                            *ABS*:00000001 __zero_reg__
     /tmp/ccllva5o.s:13     .text:00000000 initUART
                            *COM*:00000012 coa_pserie
     /tmp/ccllva5o.s:36     .text:00000014 putchar_serie
     /tmp/ccllva5o.s:50     .text:0000001c getchar_serie
     /tmp/ccllva5o.s:67     .text:0000002a llegeix_serie
     /tmp/ccllva5o.s:128    .text:0000008a __vector_9
     /tmp/ccllva5o.s:178    .text:000000dc iscom

UNDEFINED SYMBOLS
__do_copy_data
__do_clear_bss
coa_nova
treu_element
afageix_element
coa_buida
